// Jest Snapshot v1, https://goo.gl/fbAQLP

exports[`features logical assignment 1`] = `
"\\"use strict\\";

Object.defineProperty(exports, \\"__esModule\\", {
  value: true
});
exports.default = void 0;
var a = 0;
var b = 2;
a || (a = b);
var _default = a;
exports.default = _default;"
`;

exports[`features null coalesce 1`] = `
"\\"use strict\\";

var A = null;
A !== null && A !== void 0 ? A : 2;"
`;

exports[`features optional chaining 1`] = `
"\\"use strict\\";

var A = null;
var B = (A === null || A === void 0 ? void 0 : A.toFixed(2)) || 3;
B;"
`;

exports[`features private methods 1`] = `
"\\"use strict\\";

Object.defineProperty(exports, \\"__esModule\\", {
  value: true
});
exports.default = void 0;

require(\\"core-js/modules/es.array.iterator.js\\");

require(\\"core-js/modules/es.object.to-string.js\\");

require(\\"core-js/modules/es.string.iterator.js\\");

require(\\"core-js/modules/es.weak-set.js\\");

require(\\"core-js/modules/web.dom-collections.iterator.js\\");

function _classCallCheck(instance, Constructor) { if (!(instance instanceof Constructor)) { throw new TypeError(\\"Cannot call a class as a function\\"); } }

function _defineProperties(target, props) { for (var i = 0; i < props.length; i++) { var descriptor = props[i]; descriptor.enumerable = descriptor.enumerable || false; descriptor.configurable = true; if (\\"value\\" in descriptor) descriptor.writable = true; Object.defineProperty(target, descriptor.key, descriptor); } }

function _createClass(Constructor, protoProps, staticProps) { if (protoProps) _defineProperties(Constructor.prototype, protoProps); if (staticProps) _defineProperties(Constructor, staticProps); return Constructor; }

function _classPrivateMethodInitSpec(obj, privateSet) { _checkPrivateRedeclaration(obj, privateSet); privateSet.add(obj); }

function _checkPrivateRedeclaration(obj, privateCollection) { if (privateCollection.has(obj)) { throw new TypeError(\\"Cannot initialize the same private elements twice on an object\\"); } }

var _b = /*#__PURE__*/new WeakSet();

var B = /*#__PURE__*/function () {
  function B() {
    _classCallCheck(this, B);

    _classPrivateMethodInitSpec(this, _b);
  }

  _createClass(B, [{
    key: \\"getB\\",
    value: function getB() {
      return 42;
    }
  }]);

  return B;
}();

function _b2() {
  return 42;
}

var _default = B;
exports.default = _default;"
`;
